Testing get_connection...
Connection successful!
Testing get_intruders()...
Intruders type: <class 'list'>
Intruders: [{'id': 766, 'date': datetime.date(2026, 3, 12), 'time': datetime.timedelta(seconds=81398), 'image_path': 'intruders/intruder_20260312_223638_916117.jpg', 'status': 'UNAUTHORIZED', 'behavior': 'Unknown'}, {'id': 765, 'date': datetime.date(2026, 3, 12), 'time': datetime.timedelta(seconds=81397), 'image_path': 'intruders/intruder_20260312_223637_699587.jpg', 'status': 'UNAUTHORIZED', 'behavior': 'Unknown'}, {'id': 764, 'date': datetime.date(2026, 3, 12), 'time': datetime.timedelta(seconds=79242), 'image_path': 'intruders/intruder_20260312_220042_213478.jpg', 'status': 'UNAUTHORIZED', 'behavior': 'Unknown'}, {'id': 763, 'date': datetime.date(2026, 3, 12), 'time': datetime.timedelta(seconds=79203), 'image_path': 'intruders/intruder_20260312_220003_778819.jpg', 'status': 'UNAUTHORIZED', 'behavior': 'Unknown'}, {'id': 762, 'date': datetime.date(2026, 3, 12), 'time': datetime.timedelta(seconds=79203), 'image_path': 'intruders/intruder_20260312_220003_324558.jpg', 'status': 'UNAUTHORIZED', 'behavior': 'Unknown'}, {'id': 761, 'date': datetime.date(2026, 3, 12), 'time': datetime.timedelta(seconds=79202), 'image_path': 'intruders/intruder_20260312_220002_322871.jpg', 'status': 'UNAUTHORIZED', 'behavior': 'Unknown'}, {'id': 760, 'date': datetime.date(2026, 3, 12), 'time': datetime.timedelta(seconds=79201), 'image_path': 'intruders/intruder_20260312_220001_810792.jpg', 'status': 'UNAUTHORIZED', 'behavior': 'Unknown'}, {'id': 759, 'date': datetime.date(2026, 3, 12), 'time': datetime.timedelta(seconds=79200), 'image_path': 'intruders/intruder_20260312_220000_774287.jpg', 'status': 'UNAUTHORIZED', 'behavior': 'Unknown'}, {'id': 758, 'date': datetime.date(2026, 3, 12), 'time': datetime.timedelta(seconds=79064), 'image_path': 'intruders/intruder_20260312_215744_819524.jpg', 'status': 'UNAUTHORIZED', 'behavior': 'Unknown'}, {'id': 757, 'date': datetime.date(2026, 3, 12), 'time': datetime.timedelta(seconds=79046), 'image_path': 'intruders/intruder_20260312_215726_570315.jpg', 'status': 'UNAUTHORIZED', 'behavior': 'Unknown'}, {'id': 756, 'date': datetime.date(2026, 3, 12), 'time': datetime.timedelta(seconds=79045), 'image_path': 'intruders/intruder_20260312_215725_545034.jpg', 'status': 'UNAUTHORIZED', 'behavior': 'Unknown'}, {'id': 755, 'date': datetime.date(2026, 3, 12), 'time': datetime.timedelta(seconds=79034), 'image_path': 'intruders/intruder_20260312_215714_286738.jpg', 'status': 'UNAUTHORIZED', 'behavior': 'Unknown'}, {'id': 754, 'date': datetime.date(2026, 3, 12), 'time': datetime.timedelta(seconds=79030), 'image_path': 'intruders/intruder_20260312_215710_362100.jpg', 'status': 'UNAUTHORIZED', 'behavior': 'Unknown'}, {'id': 753, 'date': datetime.date(2026, 3, 12), 'time': datetime.timedelta(seconds=79028), 'image_path': 'intruders/intruder_20260312_215708_782145.jpg', 'status': 'UNAUTHORIZED', 'behavior': 'Unknown'}, {'id': 752, 'date': datetime.date(2026, 2, 6), 'time': datetime.timedelta(seconds=69995), 'image_path': 'intruders/intruder_20260206_192635_40444d.jpg', 'status': 'UNAUTHORIZED', 'behavior': 'Looking Up'}, {'id': 751, 'date': datetime.date(2026, 2, 6), 'time': datetime.timedelta(seconds=69611), 'image_path': 'intruders/intruder_20260206_192011_3d2b39.jpg', 'status': 'UNAUTHORIZED', 'behavior': 'Looking Left'}, {'id': 750, 'date': datetime.date(2026, 2, 6), 'time': datetime.timedelta(seconds=50876), 'image_path': 'intruders/intruder_20260206_140756_d79638.jpg', 'status': 'UNAUTHORIZED', 'behavior': 'Looking Left'}, {'id': 749, 'date': datetime.date(2026, 2, 6), 'time': datetime.timedelta(seconds=50871), 'image_path': 'intruders/intruder_20260206_140751_b83ca7.jpg', 'status': 'UNAUTHORIZED', 'behavior': 'Looking Right'}, {'id': 748, 'date': datetime.date(2026, 2, 6), 'time': datetime.timedelta(seconds=50866), 'image_path': 'intruders/intruder_20260206_140746_cc3f48.jpg', 'status': 'UNAUTHORIZED', 'behavior': 'Looking Right'}, {'id': 747, 'date': datetime.date(2026, 2, 6), 'time': datetime.timedelta(seconds=50851), 'image_path': 'intruders/intruder_20260206_140731_1db028.jpg', 'status': 'UNAUTHORIZED', 'behavior': 'Looking Right'}, {'id': 746, 'date': datetime.date(2026, 2, 6), 'time': datetime.timedelta(seconds=50846), 'image_path': 'intruders/intruder_20260206_140726_763c7e.jpg', 'status': 'UNAUTHORIZED', 'behavior': 'Looking Up'}, {'id': 745, 'date': datetime.date(2026, 2, 6), 'time': datetime.timedelta(seconds=50777), 'image_path': 'intruders/intruder_20260206_140617_a0db4c.jpg', 'status': 'UNAUTHORIZED', 'behavior': 'Looking Up'}, {'id': 744, 'date': datetime.date(2026, 2, 6), 'time': datetime.timedelta(seconds=50752), 'image_path': 'intruders/intruder_20260206_140552_ab40b1.jpg', 'status': 'UNAUTHORIZED', 'behavior': 'Looking Up'}, {'id': 743, 'date': datetime.date(2026, 2, 6), 'time': datetime.timedelta(seconds=50734), 'image_path': 'intruders/intruder_20260206_140534_383694.jpg', 'status': 'UNAUTHORIZED', 'behavior': 'Looking Left'}, {'id': 742, 'date': datetime.date(2026, 2, 6), 'time': datetime.timedelta(seconds=50703), 'image_path': 'intruders/intruder_20260206_140503_71151e.jpg', 'status': 'UNAUTHORIZED', 'behavior': 'Looking Left'}, {'id': 741, 'date': datetime.date(2026, 2, 6), 'time': datetime.timedelta(seconds=50676), 'image_path': 'intruders/intruder_20260206_140436_55bcf8.jpg', 'status': 'UNAUTHORIZED', 'behavior': 'Looking Right'}, {'id': 740, 'date': datetime.date(2026, 2, 6), 'time': datetime.timedelta(seconds=50671), 'image_path': 'intruders/intruder_20260206_140431_1b7e93.jpg', 'status': 'UNAUTHORIZED', 'behavior': 'Looking Up'}, {'id': 739, 'date': datetime.date(2026, 2, 6), 'time': datetime.timedelta(seconds=50657), 'image_path': 'intruders/intruder_20260206_140417_6365d4.jpg', 'status': 'UNAUTHORIZED', 'behavior': 'Looking Left'}, {'id': 738, 'date': datetime.date(2026, 2, 6), 'time': datetime.timedelta(seconds=50652), 'image_path': 'intruders/intruder_20260206_140412_4b3aa6.jpg', 'status': 'UNAUTHORIZED', 'behavior': 'Looking Left'}, {'id': 737, 'date': datetime.date(2026, 2, 6), 'time': datetime.timedelta(seconds=50544), 'image_path': 'intruders/intruder_20260206_140224_44690d.jpg', 'status': 'UNAUTHORIZED', 'behavior': 'Looking Up'}, {'id': 736, 'date': datetime.date(2026, 2, 6), 'time': datetime.timedelta(seconds=50538), 'image_path': 'intruders/intruder_20260206_140218_bb132a.jpg', 'status': 'UNAUTHORIZED', 'behavior': 'Looking Left'}, {'id': 735, 'date': datetime.date(2026, 2, 6), 'time': datetime.timedelta(seconds=50516), 'image_path': 'intruders/intruder_20260206_140156_7a3a27.jpg', 'status': 'UNAUTHORIZED', 'behavior': 'Unknown'}, {'id': 734, 'date': datetime.date(2026, 2, 6), 'time': datetime.timedelta(seconds=50509), 'image_path': 'intruders/intruder_20260206_140149_98f9e9.jpg', 'status': 'UNAUTHORIZED', 'behavior': 'Looking Left'}, {'id': 733, 'date': datetime.date(2026, 2, 6), 'time': datetime.timedelta(seconds=50502), 'image_path': 'intruders/intruder_20260206_140142_cd6c74.jpg', 'status': 'UNAUTHORIZED', 'behavior': 'Looking Left'}, {'id': 732, 'date': datetime.date(2026, 2, 3), 'time': datetime.timedelta(seconds=55438), 'image_path': 'intruders/intruder_20260203_152358_70909e.jpg', 'status': 'UNAUTHORIZED', 'behavior': 'Unknown'}, {'id': 731, 'date': datetime.date(2026, 2, 3), 'time': datetime.timedelta(seconds=55430), 'image_path': 'intruders/intruder_20260203_152350_95f9b6.jpg', 'status': 'UNAUTHORIZED', 'behavior': 'Unknown'}, {'id': 730, 'date': datetime.date(2026, 2, 3), 'time': datetime.timedelta(seconds=55357), 'image_path': 'intruders/intruder_20260203_152237_bb4586.jpg', 'status': 'UNAUTHORIZED', 'behavior': 'Unknown'}, {'id': 729, 'date': datetime.date(2026, 2, 3), 'time': datetime.timedelta(seconds=55352), 'image_path': 'intruders/intruder_20260203_152232_cecb99.jpg', 'status': 'UNAUTHORIZED', 'behavior': 'Unknown'}, {'id': 728, 'date': datetime.date(2026, 2, 3), 'time': datetime.timedelta(seconds=55347), 'image_path': 'intruders/intruder_20260203_152227_ef7f9f.jpg', 'status': 'UNAUTHORIZED', 'behavior': 'Unknown'}, {'id': 727, 'date': datetime.date(2026, 2, 3), 'time': datetime.timedelta(seconds=55342), 'image_path': 'intruders/intruder_20260203_152222_26cc5d.jpg', 'status': 'UNAUTHORIZED', 'behavior': 'Unknown'}, {'id': 726, 'date': datetime.date(2026, 2, 3), 'time': datetime.timedelta(seconds=55337), 'image_path': 'intruders/intruder_20260203_152217_a18c4f.jpg', 'status': 'UNAUTHORIZED', 'behavior': 'Unknown'}, {'id': 725, 'date': datetime.date(2026, 2, 3), 'time': datetime.timedelta(seconds=54811), 'image_path': 'intruders/intruder_20260203_151331_f48600.jpg', 'status': 'UNAUTHORIZED', 'behavior': 'Unknown'}, {'id': 724, 'date': datetime.date(2026, 2, 3), 'time': datetime.timedelta(seconds=54806), 'image_path': 'intruders/intruder_20260203_151326_fb3a32.jpg', 'status': 'UNAUTHORIZED', 'behavior': 'Unknown'}, {'id': 723, 'date': datetime.date(2026, 2, 3), 'time': datetime.timedelta(seconds=54801), 'image_path': 'intruders/intruder_20260203_151321_3a3ce8.jpg', 'status': 'UNAUTHORIZED', 'behavior': 'Unknown'}, {'id': 722, 'date': datetime.date(2026, 2, 3), 'time': datetime.timedelta(seconds=54796), 'image_path': 'intruders/intruder_20260203_151316_4e99dc.jpg', 'status': 'UNAUTHORIZED', 'behavior': 'Unknown'}, {'id': 721, 'date': datetime.date(2026, 2, 3), 'time': datetime.timedelta(seconds=54787), 'image_path': 'intruders/intruder_20260203_151307_2af332.jpg', 'status': 'UNAUTHORIZED', 'behavior': 'Unknown'}, {'id': 720, 'date': datetime.date(2026, 2, 3), 'time': datetime.timedelta(seconds=54782), 'image_path': 'intruders/intruder_20260203_151302_371d01.jpg', 'status': 'UNAUTHORIZED', 'behavior': 'Unknown'}, {'id': 719, 'date': datetime.date(2026, 2, 3), 'time': datetime.timedelta(seconds=46712), 'image_path': 'intruders/intruder_20260203_125832_c1e584.jpg', 'status': 'UNAUTHORIZED', 'behavior': 'Unknown'}, {'id': 718, 'date': datetime.date(2026, 2, 3), 'time': datetime.timedelta(seconds=46706), 'image_path': 'intruders/intruder_20260203_125826_d323f5.jpg', 'status': 'UNAUTHORIZED', 'behavior': 'Unknown'}, {'id': 717, 'date': datetime.date(2026, 2, 3), 'time': datetime.timedelta(seconds=46701), 'image_path': 'intruders/intruder_20260203_125821_519a83.jpg', 'status': 'UNAUTHORIZED', 'behavior': 'Unknown'}, {'id': 716, 'date': datetime.date(2026, 2, 3), 'time': datetime.timedelta(seconds=46696), 'image_path': 'intruders/intruder_20260203_125816_0e0894.jpg', 'status': 'UNAUTHORIZED', 'behavior': 'Unknown'}, {'id': 715, 'date': datetime.date(2026, 2, 3), 'time': datetime.timedelta(seconds=46682), 'image_path': 'intruders/intruder_20260203_125802_c60b17.jpg', 'status': 'UNAUTHORIZED', 'behavior': 'Unknown'}, {'id': 714, 'date': datetime.date(2026, 2, 3), 'time': datetime.timedelta(seconds=46672), 'image_path': 'intruders/intruder_20260203_125752_9c21e6.jpg', 'status': 'UNAUTHORIZED', 'behavior': 'Unknown'}, {'id': 713, 'date': datetime.date(2026, 2, 3), 'time': datetime.timedelta(seconds=46637), 'image_path': 'intruders/intruder_20260203_125717_67f9a8.jpg', 'status': 'UNAUTHORIZED', 'behavior': 'Unknown'}, {'id': 712, 'date': datetime.date(2026, 2, 3), 'time': datetime.timedelta(seconds=46632), 'image_path': 'intruders/intruder_20260203_125712_b20a96.jpg', 'status': 'UNAUTHORIZED', 'behavior': 'Unknown'}, {'id': 711, 'date': datetime.date(2026, 2, 3), 'time': datetime.timedelta(seconds=42322), 'image_path': 'intruders/intruder_20260203_114522_910244.jpg', 'status': 'UNAUTHORIZED', 'behavior': 'Unknown'}, {'id': 710, 'date': datetime.date(2026, 2, 3), 'time': datetime.timedelta(seconds=42317), 'image_path': 'intruders/intruder_20260203_114517_61c370.jpg', 'status': 'UNAUTHORIZED', 'behavior': 'Unknown'}, {'id': 709, 'date': datetime.date(2026, 2, 3), 'time': datetime.timedelta(seconds=42311), 'image_path': 'intruders/intruder_20260203_114511_6fe0e0.jpg', 'status': 'UNAUTHORIZED', 'behavior': 'Unknown'}, {'id': 708, 'date': datetime.date(2026, 2, 3), 'time': datetime.timedelta(seconds=42066), 'image_path': 'intruders/intruder_20260203_114106_c12759.jpg', 'status': 'UNAUTHORIZED', 'behavior': 'Unknown'}, {'id': 707, 'date': datetime.date(2026, 2, 3), 'time': datetime.timedelta(seconds=41639), 'image_path': 'intruders/intruder_20260203_113359_2c48ff.jpg', 'status': 'UNAUTHORIZED', 'behavior': 'Unknown'}, {'id': 706, 'date': datetime.date(2026, 2, 3), 'time': datetime.timedelta(seconds=41634), 'image_path': 'intruders/intruder_20260203_113354_5b0a81.jpg', 'status': 'UNAUTHORIZED', 'behavior': 'Unknown'}, {'id': 705, 'date': datetime.date(2026, 2, 3), 'time': datetime.timedelta(seconds=41608), 'image_path': 'intruders/intruder_20260203_113328_c0ea30.jpg', 'status': 'UNAUTHORIZED', 'behavior': 'Unknown'}, {'id': 704, 'date': datetime.date(2026, 2, 3), 'time': datetime.timedelta(seconds=41602), 'image_path': 'intruders/intruder_20260203_113322_f7275c.jpg', 'status': 'UNAUTHORIZED', 'behavior': 'Unknown'}, {'id': 703, 'date': datetime.date(2026, 2, 3), 'time': datetime.timedelta(seconds=41597), 'image_path': 'intruders/intruder_20260203_113317_7ba174.jpg', 'status': 'UNAUTHORIZED', 'behavior': 'Unknown'}, {'id': 702, 'date': datetime.date(2026, 2, 3), 'time': datetime.timedelta(seconds=41592), 'image_path': 'intruders/intruder_20260203_113312_8de768.jpg', 'status': 'UNAUTHORIZED', 'behavior': 'Unknown'}, {'id': 701, 'date': datetime.date(2026, 2, 3), 'time': datetime.timedelta(seconds=41587), 'image_path': 'intruders/intruder_20260203_113307_9ca773.jpg', 'status': 'UNAUTHORIZED', 'behavior': 'Unknown'}, {'id': 700, 'date': datetime.date(2026, 2, 3), 'time': datetime.timedelta(seconds=41579), 'image_path': 'intruders/intruder_20260203_113259_ceaa34.jpg', 'status': 'UNAUTHORIZED', 'behavior': 'Unknown'}, {'id': 699, 'date': datetime.date(2026, 2, 3), 'time': datetime.timedelta(seconds=41574), 'image_path': 'intruders/intruder_20260203_113254_f82e59.jpg', 'status': 'UNAUTHORIZED', 'behavior': 'Unknown'}, {'id': 698, 'date': datetime.date(2026, 2, 3), 'time': datetime.timedelta(seconds=41569), 'image_path': 'intruders/intruder_20260203_113249_883a24.jpg', 'status': 'UNAUTHORIZED', 'behavior': 'Unknown'}, {'id': 697, 'date': datetime.date(2026, 2, 3), 'time': datetime.timedelta(seconds=41564), 'image_path': 'intruders/intruder_20260203_113244_8991ec.jpg', 'status': 'UNAUTHORIZED', 'behavior': 'Unknown'}, {'id': 696, 'date': datetime.date(2026, 2, 3), 'time': datetime.timedelta(seconds=41520), 'image_path': 'intruders/intruder_20260203_113200_6da964.jpg', 'status': 'UNAUTHORIZED', 'behavior': 'Unknown'}, {'id': 695, 'date': datetime.date(2026, 2, 3), 'time': datetime.timedelta(seconds=41515), 'image_path': 'intruders/intruder_20260203_113155_ed9676.jpg', 'status': 'UNAUTHORIZED', 'behavior': 'Unknown'}, {'id': 694, 'date': datetime.date(2026, 2, 3), 'time': datetime.timedelta(seconds=41510), 'image_path': 'intruders/intruder_20260203_113150_55cfd2.jpg', 'status': 'UNAUTHORIZED', 'behavior': 'Unknown'}, {'id': 693, 'date': datetime.date(2026, 2, 3), 'time': datetime.timedelta(seconds=41505), 'image_path': 'intruders/intruder_20260203_113145_f58cd9.jpg', 'status': 'UNAUTHORIZED', 'behavior': 'Unknown'}, {'id': 692, 'date': datetime.date(2026, 2, 3), 'time': datetime.timedelta(seconds=41483), 'image_path': 'intruders/intruder_20260203_113123_ab5f38.jpg', 'status': 'UNAUTHORIZED', 'behavior': 'Unknown'}, {'id': 691, 'date': datetime.date(2026, 2, 3), 'time': datetime.timedelta(seconds=41478), 'image_path': 'intruders/intruder_20260203_113118_de4b54.jpg', 'status': 'UNAUTHORIZED', 'behavior': 'Unknown'}, {'id': 690, 'date': datetime.date(2026, 2, 3), 'time': datetime.timedelta(seconds=41457), 'image_path': 'intruders/intruder_20260203_113057_87ac52.jpg', 'status': 'UNAUTHORIZED', 'behavior': 'Unknown'}, {'id': 689, 'date': datetime.date(2026, 2, 3), 'time': datetime.timedelta(seconds=41452), 'image_path': 'intruders/intruder_20260203_113052_764502.jpg', 'status': 'UNAUTHORIZED', 'behavior': 'Unknown'}, {'id': 688, 'date': datetime.date(2026, 2, 3), 'time': datetime.timedelta(seconds=41319), 'image_path': 'intruders/intruder_20260203_112839_83ff56.jpg', 'status': 'UNAUTHORIZED', 'behavior': 'Unknown'}, {'id': 687, 'date': datetime.date(2026, 2, 3), 'time': datetime.timedelta(seconds=41311), 'image_path': 'intruders/intruder_20260203_112830_357c20.jpg', 'status': 'UNAUTHORIZED', 'behavior': 'Unknown'}, {'id': 686, 'date': datetime.date(2026, 2, 3), 'time': datetime.timedelta(seconds=41303), 'image_path': 'intruders/intruder_20260203_112823_76f0ef.jpg', 'status': 'UNAUTHORIZED', 'behavior': 'Unknown'}, {'id': 685, 'date': datetime.date(2026, 2, 3), 'time': datetime.timedelta(seconds=41297), 'image_path': 'intruders/intruder_20260203_112817_76e7d8.jpg', 'status': 'UNAUTHORIZED', 'behavior': 'Unknown'}, {'id': 684, 'date': datetime.date(2026, 2, 3), 'time': datetime.timedelta(seconds=41289), 'image_path': 'intruders/intruder_20260203_112809_d8c8bb.jpg', 'status': 'UNAUTHORIZED', 'behavior': 'Unknown'}, {'id': 683, 'date': datetime.date(2026, 2, 3), 'time': datetime.timedelta(seconds=41278), 'image_path': 'intruders/intruder_20260203_112758_ce9021.jpg', 'status': 'UNAUTHORIZED', 'behavior': 'Unknown'}, {'id': 682, 'date': datetime.date(2026, 2, 3), 'time': datetime.timedelta(seconds=41181), 'image_path': 'intruders/intruder_20260203_112621_003848.jpg', 'status': 'UNAUTHORIZED', 'behavior': 'Unknown'}, {'id': 681, 'date': datetime.date(2026, 2, 3), 'time': datetime.timedelta(seconds=41168), 'image_path': 'intruders/intruder_20260203_112608_12d58f.jpg', 'status': 'UNAUTHORIZED', 'behavior': 'Unknown'}, {'id': 680, 'date': datetime.date(2026, 2, 3), 'time': datetime.timedelta(seconds=41141), 'image_path': 'intruders/intruder_20260203_112541_ad0ca7.jpg', 'status': 'UNAUTHORIZED', 'behavior': 'Unknown'}, {'id': 679, 'date': datetime.date(2026, 2, 3), 'time': datetime.timedelta(seconds=41135), 'image_path': 'intruders/intruder_20260203_112535_8a63ef.jpg', 'status': 'UNAUTHORIZED', 'behavior': 'Unknown'}, {'id': 678, 'date': datetime.date(2026, 2, 3), 'time': datetime.timedelta(seconds=41130), 'image_path': 'intruders/intruder_20260203_112530_303583.jpg', 'status': 'UNAUTHORIZED', 'behavior': 'Unknown'}, {'id': 677, 'date': datetime.date(2026, 2, 3), 'time': datetime.timedelta(seconds=41124), 'image_path': 'intruders/intruder_20260203_112524_1dd185.jpg', 'status': 'UNAUTHORIZED', 'behavior': 'Unknown'}, {'id': 676, 'date': datetime.date(2026, 2, 3), 'time': datetime.timedelta(seconds=33827), 'image_path': 'intruders/intruder_20260203_092347_934955.jpg', 'status': 'UNAUTHORIZED', 'behavior': 'Unknown'}, {'id': 675, 'date': datetime.date(2026, 2, 3), 'time': datetime.timedelta(seconds=33821), 'image_path': 'intruders/intruder_20260203_092341_8e31e6.jpg', 'status': 'UNAUTHORIZED', 'behavior': 'Unknown'}, {'id': 674, 'date': datetime.date(2026, 2, 2), 'time': datetime.timedelta(seconds=83951), 'image_path': 'intruders/intruder_20260202_231911_90c277.jpg', 'status': 'UNAUTHORIZED', 'behavior': 'Unknown'}, {'id': 673, 'date': datetime.date(2026, 2, 2), 'time': datetime.timedelta(seconds=83691), 'image_path': 'intruders/intruder_20260202_231451_74567b.jpg', 'status': 'UNAUTHORIZED', 'behavior': 'Unknown'}, {'id': 672, 'date': datetime.date(2026, 2, 2), 'time': datetime.timedelta(seconds=82998), 'image_path': 'intruders/intruder_20260202_230318_69b475.jpg', 'status': 'UNAUTHORIZED', 'behavior': 'Unknown'}, {'id': 671, 'date': datetime.date(2026, 1, 31), 'time': datetime.timedelta(seconds=69567), 'image_path': 'intruders/intruder_20260131_191927_cb0dfa.jpg', 'status': 'UNAUTHORIZED', 'behavior': 'Looking Down'}, {'id': 670, 'date': datetime.date(2026, 1, 31), 'time': datetime.timedelta(seconds=69522), 'image_path': 'intruders/intruder_20260131_191842_27810d.jpg', 'status': 'UNAUTHORIZED', 'behavior': 'Looking Right'}, {'id': 669, 'date': datetime.date(2026, 1, 31), 'time': datetime.timedelta(seconds=69468), 'image_path': 'intruders/intruder_20260131_191748_49319e.jpg', 'status': 'UNAUTHORIZED', 'behavior': 'Looking Left'}, {'id': 668, 'date': datetime.date(2026, 1, 31), 'time': datetime.timedelta(seconds=69460), 'image_path': 'intruders/intruder_20260131_191740_96b11d.jpg', 'status': 'UNAUTHORIZED', 'behavior': 'Looking Left'}, {'id': 667, 'date': datetime.date(2026, 1, 31), 'time': datetime.timedelta(seconds=69455), 'image_path': 'intruders/intruder_20260131_191735_6c7524.jpg', 'status': 'UNAUTHORIZED', 'behavior': 'Looking Left'}, {'id': 666, 'date': datetime.date(2026, 1, 31), 'time': datetime.timedelta(seconds=69449), 'image_path': 'intruders/intruder_20260131_191729_71e404.jpg', 'status': 'UNAUTHORIZED', 'behavior': 'Looking Left'}, {'id': 665, 'date': datetime.date(2026, 1, 31), 'time': datetime.timedelta(seconds=69437), 'image_path': 'intruders/intruder_20260131_191717_0c2dcf.jpg', 'status': 'UNAUTHORIZED', 'behavior': 'Looking Left'}, {'id': 664, 'date': datetime.date(2026, 1, 31), 'time': datetime.timedelta(seconds=69432), 'image_path': 'intruders/intruder_20260131_191712_221765.jpg', 'status': 'UNAUTHORIZED', 'behavior': 'Looking Left'}, {'id': 663, 'date': datetime.date(2026, 1, 31), 'time': datetime.timedelta(seconds=69423), 'image_path': 'intruders/intruder_20260131_191703_63998d.jpg', 'status': 'UNAUTHORIZED', 'behavior': 'Looking Left'}, {'id': 662, 'date': datetime.date(2026, 1, 31), 'time': datetime.timedelta(seconds=69413), 'image_path': 'intruders/intruder_20260131_191653_8394d4.jpg', 'status': 'UNAUTHORIZED', 'behavior': 'Looking Left'}, {'id': 661, 'date': datetime.date(2026, 1, 31), 'time': datetime.timedelta(seconds=67754), 'image_path': 'intruders/intruder_20260131_184914_056b24.jpg', 'status': 'UNAUTHORIZED', 'behavior': 'Unknown'}, {'id': 660, 'date': datetime.date(2026, 1, 31), 'time': datetime.timedelta(seconds=67745), 'image_path': 'intruders/intruder_20260131_184905_2ce6ca.jpg', 'status': 'UNAUTHORIZED', 'behavior': 'Unknown'}, {'id': 659, 'date': datetime.date(2026, 1, 31), 'time': datetime.timedelta(seconds=67739), 'image_path': 'intruders/intruder_20260131_184859_139e57.jpg', 'status': 'UNAUTHORIZED', 'behavior': 'Unknown'}, {'id': 658, 'date': datetime.date(2026, 1, 31), 'time': datetime.timedelta(seconds=67460), 'image_path': 'intruders/intruder_20260131_184420_908623.jpg', 'status': 'UNAUTHORIZED', 'behavior': 'Unknown'}, {'id': 657, 'date': datetime.date(2026, 1, 31), 'time': datetime.timedelta(seconds=67442), 'image_path': 'intruders/intruder_20260131_184402_65631c.jpg', 'status': 'UNAUTHORIZED', 'behavior': 'Unknown'}, {'id': 656, 'date': datetime.date(2026, 1, 31), 'time': datetime.timedelta(seconds=67437), 'image_path': 'intruders/intruder_20260131_184357_251071.jpg', 'status': 'UNAUTHORIZED', 'behavior': 'Unknown'}, {'id': 655, 'date': datetime.date(2026, 1, 31), 'time': datetime.timedelta(seconds=67431), 'image_path': 'intruders/intruder_20260131_184351_828c2d.jpg', 'status': 'UNAUTHORIZED', 'behavior': 'Unknown'}, {'id': 654, 'date': datetime.date(2026, 1, 31), 'time': datetime.timedelta(seconds=67426), 'image_path': 'intruders/intruder_20260131_184346_a8acf5.jpg', 'status': 'UNAUTHORIZED', 'behavior': 'Unknown'}, {'id': 653, 'date': datetime.date(2026, 1, 31), 'time': datetime.timedelta(seconds=67319), 'image_path': 'intruders/intruder_20260131_184159_9b674e.jpg', 'status': 'UNAUTHORIZED', 'behavior': 'Unknown'}, {'id': 652, 'date': datetime.date(2026, 1, 31), 'time': datetime.timedelta(seconds=48301), 'image_path': 'intruders/intruder_20260131_132501_6a0f4f.jpg', 'status': 'UNAUTHORIZED', 'behavior': 'Unknown'}, {'id': 651, 'date': datetime.date(2026, 1, 31), 'time': datetime.timedelta(seconds=48292), 'image_path': 'intruders/intruder_20260131_132452_49455e.jpg', 'status': 'UNAUTHORIZED', 'behavior': 'Unknown'}, {'id': 650, 'date': datetime.date(2026, 1, 31), 'time': datetime.timedelta(seconds=48286), 'image_path': 'intruders/intruder_20260131_132446_dfb83b.jpg', 'status': 'UNAUTHORIZED', 'behavior': 'Unknown'}, {'id': 649, 'date': datetime.date(2026, 1, 31), 'time': datetime.timedelta(seconds=48281), 'image_path': 'intruders/intruder_20260131_132441_01ec87.jpg', 'status': 'UNAUTHORIZED', 'behavior': 'Unknown'}, {'id': 648, 'date': datetime.date(2026, 1, 31), 'time': datetime.timedelta(seconds=48276), 'image_path': 'intruders/intruder_20260131_132436_30dfea.jpg', 'status': 'UNAUTHORIZED', 'behavior': 'Unknown'}, {'id': 647, 'date': datetime.date(2026, 1, 31), 'time': datetime.timedelta(seconds=48269), 'image_path': 'intruders/intruder_20260131_132429_9e3cba.jpg', 'status': 'UNAUTHORIZED', 'behavior': 'Unknown'}, {'id': 646, 'date': datetime.date(2026, 1, 31), 'time': datetime.timedelta(seconds=48263), 'image_path': 'intruders/intruder_20260131_132423_0bd69e.jpg', 'status': 'UNAUTHORIZED', 'behavior': 'Unknown'}, {'id': 645, 'date': datetime.date(2026, 1, 31), 'time': datetime.timedelta(seconds=48257), 'image_path': 'intruders/intruder_20260131_132417_e34be4.jpg', 'status': 'UNAUTHORIZED', 'behavior': 'Unknown'}, {'id': 644, 'date': datetime.date(2026, 1, 31), 'time': datetime.timedelta(seconds=48252), 'image_path': 'intruders/intruder_20260131_132412_6bfba2.jpg', 'status': 'UNAUTHORIZED', 'behavior': 'Unknown'}, {'id': 643, 'date': datetime.date(2026, 1, 31), 'time': datetime.timedelta(seconds=48247), 'image_path': 'intruders/intruder_20260131_132407_0cded0.jpg', 'status': 'UNAUTHORIZED', 'behavior': 'Unknown'}, {'id': 642, 'date': datetime.date(2026, 1, 31), 'time': datetime.timedelta(seconds=48240), 'image_path': 'intruders/intruder_20260131_132400_ec2a34.jpg', 'status': 'UNAUTHORIZED', 'behavior': 'Unknown'}, {'id': 641, 'date': datetime.date(2026, 1, 31), 'time': datetime.timedelta(seconds=48178), 'image_path': 'intruders/intruder_20260131_132258_40b99f.jpg', 'status': 'UNAUTHORIZED', 'behavior': 'Unknown'}, {'id': 640, 'date': datetime.date(2026, 1, 31), 'time': datetime.timedelta(seconds=48172), 'image_path': 'intruders/intruder_20260131_132252_9b43d3.jpg', 'status': 'UNAUTHORIZED', 'behavior': 'Unknown'}, {'id': 639, 'date': datetime.date(2026, 1, 31), 'time': datetime.timedelta(seconds=48167), 'image_path': 'intruders/intruder_20260131_132247_e502b3.jpg', 'status': 'UNAUTHORIZED', 'behavior': 'Unknown'}, {'id': 638, 'date': datetime.date(2026, 1, 31), 'time': datetime.timedelta(seconds=48141), 'image_path': 'intruders/intruder_20260131_132221_511212.jpg', 'status': 'UNAUTHORIZED', 'behavior': 'Unknown'}, {'id': 637, 'date': datetime.date(2026, 1, 31), 'time': datetime.timedelta(seconds=47921), 'image_path': 'intruders/intruder_20260131_131841_0015bb.jpg', 'status': 'UNAUTHORIZED', 'behavior': 'Unknown'}, {'id': 636, 'date': datetime.date(2026, 1, 31), 'time': datetime.timedelta(seconds=47915), 'image_path': 'intruders/intruder_20260131_131835_3200a0.jpg', 'status': 'UNAUTHORIZED', 'behavior': 'Unknown'}, {'id': 635, 'date': datetime.date(2026, 1, 31), 'time': datetime.timedelta(seconds=47887), 'image_path': 'intruders/intruder_20260131_131807_f95c75.jpg', 'status': 'UNAUTHORIZED', 'behavior': 'Unknown'}, {'id': 634, 'date': datetime.date(2026, 1, 31), 'time': datetime.timedelta(seconds=47882), 'image_path': 'intruders/intruder_20260131_131802_96ab0c.jpg', 'status': 'UNAUTHORIZED', 'behavior': 'Unknown'}, {'id': 633, 'date': datetime.date(2026, 1, 31), 'time': datetime.timedelta(seconds=47868), 'image_path': 'intruders/intruder_20260131_131748_db5a33.jpg', 'status': 'UNAUTHORIZED', 'behavior': 'Unknown'}, {'id': 632, 'date': datetime.date(2026, 1, 31), 'time': datetime.timedelta(seconds=47862), 'image_path': 'intruders/intruder_20260131_131742_fdda1e.jpg', 'status': 'UNAUTHORIZED', 'behavior': 'Unknown'}, {'id': 631, 'date': datetime.date(2026, 1, 31), 'time': datetime.timedelta(seconds=47803), 'image_path': 'intruders/intruder_20260131_131643_ea45ff.jpg', 'status': 'UNAUTHORIZED', 'behavior': 'Unknown'}, {'id': 630, 'date': datetime.date(2026, 1, 31), 'time': datetime.timedelta(seconds=47798), 'image_path': 'intruders/intruder_20260131_131638_22b08e.jpg', 'status': 'UNAUTHORIZED', 'behavior': 'Unknown'}, {'id': 629, 'date': datetime.date(2026, 1, 31), 'time': datetime.timedelta(seconds=47788), 'image_path': 'intruders/intruder_20260131_131628_ae80f6.jpg', 'status': 'UNAUTHORIZED', 'behavior': 'Unknown'}, {'id': 628, 'date': datetime.date(2026, 1, 31), 'time': datetime.timedelta(seconds=47501), 'image_path': 'intruders/intruder_20260131_131141_e37930.jpg', 'status': 'UNAUTHORIZED', 'behavior': 'Unknown'}, {'id': 627, 'date': datetime.date(2026, 1, 31), 'time': datetime.timedelta(seconds=47490), 'image_path': 'intruders/intruder_20260131_131130_d8a82b.jpg', 'status': 'UNAUTHORIZED', 'behavior': 'Unknown'}, {'id': 626, 'date': datetime.date(2026, 1, 31), 'time': datetime.timedelta(seconds=47484), 'image_path': 'intruders/intruder_20260131_131124_38d485.jpg', 'status': 'UNAUTHORIZED', 'behavior': 'Unknown'}, {'id': 625, 'date': datetime.date(2026, 1, 31), 'time': datetime.timedelta(seconds=46877), 'image_path': 'intruders/intruder_20260131_130117_649a7e.jpg', 'status': 'UNAUTHORIZED', 'behavior': 'Unknown'}, {'id': 624, 'date': datetime.date(2026, 1, 31), 'time': datetime.timedelta(seconds=46872), 'image_path': 'intruders/intruder_20260131_130112_9ff828.jpg', 'status': 'UNAUTHORIZED', 'behavior': 'Unknown'}, {'id': 623, 'date': datetime.date(2026, 1, 31), 'time': datetime.timedelta(seconds=46577), 'image_path': 'intruders/intruder_20260131_125617_046024.jpg', 'status': 'UNAUTHORIZED', 'behavior': 'Unknown'}, {'id': 622, 'date': datetime.date(2026, 1, 31), 'time': datetime.timedelta(seconds=46569), 'image_path': 'intruders/intruder_20260131_125609_4e4042.jpg', 'status': 'UNAUTHORIZED', 'behavior': 'Unknown'}, {'id': 621, 'date': datetime.date(2026, 1, 31), 'time': datetime.timedelta(seconds=46559), 'image_path': 'intruders/intruder_20260131_125559_48ee5a.jpg', 'status': 'UNAUTHORIZED', 'behavior': 'Unknown'}, {'id': 620, 'date': datetime.date(2026, 1, 31), 'time': datetime.timedelta(seconds=46549), 'image_path': 'intruders/intruder_20260131_125549_2b3b3e.jpg', 'status': 'UNAUTHORIZED', 'behavior': 'Unknown'}, {'id': 619, 'date': datetime.date(2026, 1, 31), 'time': datetime.timedelta(seconds=46544), 'image_path': 'intruders/intruder_20260131_125544_bdcea6.jpg', 'status': 'UNAUTHORIZED', 'behavior': 'Unknown'}, {'id': 618, 'date': datetime.date(2026, 1, 31), 'time': datetime.timedelta(seconds=46428), 'image_path': 'intruders/intruder_20260131_125348_32697e.jpg', 'status': 'UNAUTHORIZED', 'behavior': 'Unknown'}, {'id': 617, 'date': datetime.date(2026, 1, 31), 'time': datetime.timedelta(seconds=46417), 'image_path': 'intruders/intruder_20260131_125337_9a498c.jpg', 'status': 'UNAUTHORIZED', 'behavior': 'Unknown'}, {'id': 616, 'date': datetime.date(2026, 1, 31), 'time': datetime.timedelta(seconds=46407), 'image_path': 'intruders/intruder_20260131_125327_080fda.jpg', 'status': 'UNAUTHORIZED', 'behavior': 'Unknown'}, {'id': 615, 'date': datetime.date(2026, 1, 31), 'time': datetime.timedelta(seconds=46400), 'image_path': 'intruders/intruder_20260131_125320_6f6f08.jpg', 'status': 'UNAUTHORIZED', 'behavior': 'Unknown'}, {'id': 614, 'date': datetime.date(2026, 1, 31), 'time': datetime.timedelta(seconds=46395), 'image_path': 'intruders/intruder_20260131_125315_52003b.jpg', 'status': 'UNAUTHORIZED', 'behavior': 'Unknown'}, {'id': 613, 'date': datetime.date(2026, 1, 31), 'time': datetime.timedelta(seconds=46389), 'image_path': 'intruders/intruder_20260131_125309_8dd0df.jpg', 'status': 'UNAUTHORIZED', 'behavior': 'Unknown'}, {'id': 612, 'date': datetime.date(2026, 1, 31), 'time': datetime.timedelta(seconds=46383), 'image_path': 'intruders/intruder_20260131_125303_512023.jpg', 'status': 'UNAUTHORIZED', 'behavior': 'Unknown'}, {'id': 611, 'date': datetime.date(2026, 1, 31), 'time': datetime.timedelta(seconds=46378), 'image_path': 'intruders/intruder_20260131_125258_0b9449.jpg', 'status': 'UNAUTHORIZED', 'behavior': 'Unknown'}, {'id': 610, 'date': datetime.date(2026, 1, 31), 'time': datetime.timedelta(seconds=46373), 'image_path': 'intruders/intruder_20260131_125253_e25a58.jpg', 'status': 'UNAUTHORIZED', 'behavior': 'Unknown'}, {'id': 609, 'date': datetime.date(2026, 1, 31), 'time': datetime.timedelta(seconds=41545), 'image_path': 'intruders/intruder_20260131_113225_9dfb57.jpg', 'status': 'UNAUTHORIZED', 'behavior': 'Unknown'}, {'id': 608, 'date': datetime.date(2026, 1, 31), 'time': datetime.timedelta(seconds=41338), 'image_path': 'intruders/intruder_20260131_112858_82c239.jpg', 'status': 'UNAUTHORIZED', 'behavior': 'Unknown'}, {'id': 607, 'date': datetime.date(2026, 1, 31), 'time': datetime.timedelta(seconds=41333), 'image_path': 'intruders/intruder_20260131_112853_99a102.jpg', 'status': 'UNAUTHORIZED', 'behavior': 'Unknown'}, {'id': 606, 'date': datetime.date(2026, 1, 31), 'time': datetime.timedelta(seconds=41322), 'image_path': 'intruders/intruder_20260131_112842_22090a.jpg', 'status': 'UNAUTHORIZED', 'behavior': 'Unknown'}, {'id': 605, 'date': datetime.date(2026, 1, 31), 'time': datetime.timedelta(seconds=41317), 'image_path': 'intruders/intruder_20260131_112837_66aea7.jpg', 'status': 'UNAUTHORIZED', 'behavior': 'Unknown'}, {'id': 604, 'date': datetime.date(2026, 1, 31), 'time': datetime.timedelta(seconds=41312), 'image_path': 'intruders/intruder_20260131_112832_a196f6.jpg', 'status': 'UNAUTHORIZED', 'behavior': 'Unknown'}]
Testing get_authorized_users()...
Users: []
